// Jest Snapshot v1, https://goo.gl/fbAQLP

exports[`fetchBlockchainTechnologies should match snapshot 1`] = `
[
  "- Agnostic",
  "- Not Known",
  "- Other",
  "Algorand",
  "Aragon",
  "Atala PRISM",
  "BigchainDB",
  "Bitcoin",
  "Bitfury",
  "BNB Chain",
  "Cardano",
  "Celo",
  "Chainlink",
  "Chia",
  "Corda",
  "Cosmos",
  "DASH",
  "Energy Web Chain",
  "EOS",
  "Ethereum",
  "Gnosis chain",
  "Hedera",
  "Hyperledger",
  "IOTA",
  "IPFS",
  "Ixo Protocol",
  "KSI Blockchain",
  "NEAR Protocol",
  "NEM",
  "NEO",
  "Omisego",
  "Polkadot",
  "Polygon",
  "Regen Ledger",
  "SAP Blockchain",
  "SettleMint",
  "Sia",
  "Solana",
  "SolarCoin",
  "STEEM",
  "Stellar",
  "Tendermint",
  "Tezos",
  "VeChain",
]
`;
