// Jest Snapshot v1, https://goo.gl/fbAQLP

exports[`fetchRegionData should return the region data 1`] = `
[
  {
    "country": "Antarctica",
    "hemisphere": "Global South",
    "region": "Antarctica",
    "subregion": "Antarctica",
  },
  {
    "country": "All Carribean",
    "hemisphere": "Global South",
    "region": "Central/South America",
    "subregion": "Carribean",
  },
  {
    "country": "Anguilla",
    "hemisphere": "Global South",
    "region": "Central/South America",
    "subregion": "Carribean",
  },
  {
    "country": "Antigua and Barbuda",
    "hemisphere": "Global South",
    "region": "Central/South America",
    "subregion": "Carribean",
  },
  {
    "country": "Aruba",
    "hemisphere": "Global South",
    "region": "Central/South America",
    "subregion": "Carribean",
  },
  {
    "country": "Bahamas",
    "hemisphere": "Global South",
    "region": "Central/South America",
    "subregion": "Carribean",
  },
  {
    "country": "Barbados",
    "hemisphere": "Global South",
    "region": "Central/South America",
    "subregion": "Carribean",
  },
  {
    "country": "Cayman Islands",
    "hemisphere": "Global South",
    "region": "Central/South America",
    "subregion": "Carribean",
  },
  {
    "country": "Cuba",
    "hemisphere": "Global South",
    "region": "Central/South America",
    "subregion": "Carribean",
  },
  {
    "country": "Curaçao",
    "hemisphere": "Global South",
    "region": "Central/South America",
    "subregion": "Carribean",
  },
  {
    "country": "Dominica",
    "hemisphere": "Global South",
    "region": "Central/South America",
    "subregion": "Carribean",
  },
  {
    "country": "Dominican Republic",
    "hemisphere": "Global South",
    "region": "Central/South America",
    "subregion": "Carribean",
  },
  {
    "country": "Grenada",
    "hemisphere": "Global South",
    "region": "Central/South America",
    "subregion": "Carribean",
  },
  {
    "country": "Guadeloupe",
    "hemisphere": "Global South",
    "region": "Central/South America",
    "subregion": "Carribean",
  },
  {
    "country": "Haiti",
    "hemisphere": "Global South",
    "region": "Central/South America",
    "subregion": "Carribean",
  },
  {
    "country": "Jamaica",
    "hemisphere": "Global South",
    "region": "Central/South America",
    "subregion": "Carribean",
  },
  {
    "country": "Martinique",
    "hemisphere": "Global South",
    "region": "Central/South America",
    "subregion": "Carribean",
  },
  {
    "country": "Montserrat",
    "hemisphere": "Global South",
    "region": "Central/South America",
    "subregion": "Carribean",
  },
  {
    "country": "Puerto Rico",
    "hemisphere": "Global South",
    "region": "Central/South America",
    "subregion": "Carribean",
  },
  {
    "country": "Saint Barthelemy",
    "hemisphere": "Global South",
    "region": "Central/South America",
    "subregion": "Carribean",
  },
  {
    "country": "Saint Kitts and Nevis",
    "hemisphere": "Global South",
    "region": "Central/South America",
    "subregion": "Carribean",
  },
  {
    "country": "Saint Lucia",
    "hemisphere": "Global South",
    "region": "Central/South America",
    "subregion": "Carribean",
  },
  {
    "country": "Saint Martin",
    "hemisphere": "Global South",
    "region": "Central/South America",
    "subregion": "Carribean",
  },
  {
    "country": "Saint Vincent and the Grenadines",
    "hemisphere": "Global South",
    "region": "Central/South America",
    "subregion": "Carribean",
  },
  {
    "country": "Trinidad and Tobago",
    "hemisphere": "Global South",
    "region": "Central/South America",
    "subregion": "Carribean",
  },
  {
    "country": "Turks and Caicos Islands",
    "hemisphere": "Global South",
    "region": "Central/South America",
    "subregion": "Carribean",
  },
  {
    "country": "Virgin Islands",
    "hemisphere": "Global South",
    "region": "Central/South America",
    "subregion": "Carribean",
  },
  {
    "country": "All Central Africa",
    "hemisphere": "Global South",
    "region": "Africa",
    "subregion": "Central Africa",
  },
  {
    "country": "Angola",
    "hemisphere": "Global South",
    "region": "Africa",
    "subregion": "Central Africa",
  },
  {
    "country": "Cameroon",
    "hemisphere": "Global South",
    "region": "Africa",
    "subregion": "Central Africa",
  },
  {
    "country": "Central African Republic",
    "hemisphere": "Global South",
    "region": "Africa",
    "subregion": "Central Africa",
  },
  {
    "country": "Chad",
    "hemisphere": "Global South",
    "region": "Africa",
    "subregion": "Central Africa",
  },
  {
    "country": "Republic of Congo",
    "hemisphere": "Global South",
    "region": "Africa",
    "subregion": "Central Africa",
  },
  {
    "country": "Equatorial Guinea",
    "hemisphere": "Global South",
    "region": "Africa",
    "subregion": "Central Africa",
  },
  {
    "country": "Gabon",
    "hemisphere": "Global South",
    "region": "Africa",
    "subregion": "Central Africa",
  },
  {
    "country": "São Tomé and Príncipe",
    "hemisphere": "Global South",
    "region": "Africa",
    "subregion": "Central Africa",
  },
  {
    "country": "All Central America",
    "hemisphere": "Global South",
    "region": "Central/South America",
    "subregion": "Central America",
  },
  {
    "country": "Belize",
    "hemisphere": "Global South",
    "region": "Central/South America",
    "subregion": "Central America",
  },
  {
    "country": "Costa Rica",
    "hemisphere": "Global South",
    "region": "Central/South America",
    "subregion": "Central America",
  },
  {
    "country": "El Salvador",
    "hemisphere": "Global South",
    "region": "Central/South America",
    "subregion": "Central America",
  },
  {
    "country": "Guatemala",
    "hemisphere": "Global South",
    "region": "Central/South America",
    "subregion": "Central America",
  },
  {
    "country": "Honduras",
    "hemisphere": "Global South",
    "region": "Central/South America",
    "subregion": "Central America",
  },
  {
    "country": "Mexico",
    "hemisphere": "Global South",
    "region": "Central/South America",
    "subregion": "Central America",
  },
  {
    "country": "Nicaragua",
    "hemisphere": "Global South",
    "region": "Central/South America",
    "subregion": "Central America",
  },
  {
    "country": "All Central Asia",
    "hemisphere": "Global South",
    "region": "Asia",
    "subregion": "Central Asia",
  },
  {
    "country": "Afghanistan",
    "hemisphere": "Global South",
    "region": "Asia",
    "subregion": "Central Asia",
  },
  {
    "country": "Kazakhstan",
    "hemisphere": "Global South",
    "region": "Asia",
    "subregion": "Central Asia",
  },
  {
    "country": "Kyrgyzstan",
    "hemisphere": "Global South",
    "region": "Asia",
    "subregion": "Central Asia",
  },
  {
    "country": "Tajikistan",
    "hemisphere": "Global South",
    "region": "Asia",
    "subregion": "Central Asia",
  },
  {
    "country": "Turkmenistan",
    "hemisphere": "Global South",
    "region": "Asia",
    "subregion": "Central Asia",
  },
  {
    "country": "Uzbekistan",
    "hemisphere": "Global South",
    "region": "Asia",
    "subregion": "Central Asia",
  },
  {
    "country": "All Central Europe",
    "hemisphere": "Global North",
    "region": "Europe",
    "subregion": "Central Europe",
  },
  {
    "country": "Austria",
    "hemisphere": "Global North",
    "region": "Europe",
    "subregion": "Central Europe",
  },
  {
    "country": "Czech Republic",
    "hemisphere": "Global North",
    "region": "Europe",
    "subregion": "Central Europe",
  },
  {
    "country": "Germany",
    "hemisphere": "Global North",
    "region": "Europe",
    "subregion": "Central Europe",
  },
  {
    "country": "Hungary",
    "hemisphere": "Global North",
    "region": "Europe",
    "subregion": "Central Europe",
  },
  {
    "country": "Liechtenstein",
    "hemisphere": "Global North",
    "region": "Europe",
    "subregion": "Central Europe",
  },
  {
    "country": "Poland",
    "hemisphere": "Global North",
    "region": "Europe",
    "subregion": "Central Europe",
  },
  {
    "country": "Slovakia",
    "hemisphere": "Global North",
    "region": "Europe",
    "subregion": "Central Europe",
  },
  {
    "country": "Slovenia",
    "hemisphere": "Global North",
    "region": "Europe",
    "subregion": "Central Europe",
  },
  {
    "country": "Switzerland",
    "hemisphere": "Global North",
    "region": "Europe",
    "subregion": "Central Europe",
  },
  {
    "country": "Distributed/Global",
    "hemisphere": "Distributed/Global",
    "region": "Distributed/Global",
    "subregion": "Distributed/Global",
  },
  {
    "country": "All Easter Africa",
    "hemisphere": "Global South",
    "region": "Africa",
    "subregion": "Eastern Africa",
  },
  {
    "country": "Burundi",
    "hemisphere": "Global South",
    "region": "Africa",
    "subregion": "Eastern Africa",
  },
  {
    "country": "Comoros",
    "hemisphere": "Global South",
    "region": "Africa",
    "subregion": "Eastern Africa",
  },
  {
    "country": "Djibouti",
    "hemisphere": "Global South",
    "region": "Africa",
    "subregion": "Eastern Africa",
  },
  {
    "country": "Eritrea",
    "hemisphere": "Global South",
    "region": "Africa",
    "subregion": "Eastern Africa",
  },
  {
    "country": "Ethiopia",
    "hemisphere": "Global South",
    "region": "Africa",
    "subregion": "Eastern Africa",
  },
  {
    "country": "French Southern Territories",
    "hemisphere": "Global South",
    "region": "Africa",
    "subregion": "Eastern Africa",
  },
  {
    "country": "Kenya",
    "hemisphere": "Global South",
    "region": "Africa",
    "subregion": "Eastern Africa",
  },
  {
    "country": "Madagascar",
    "hemisphere": "Global South",
    "region": "Africa",
    "subregion": "Eastern Africa",
  },
  {
    "country": "Malawi",
    "hemisphere": "Global South",
    "region": "Africa",
    "subregion": "Eastern Africa",
  },
  {
    "country": "Mauritius",
    "hemisphere": "Global South",
    "region": "Africa",
    "subregion": "Eastern Africa",
  },
  {
    "country": "Mayotte",
    "hemisphere": "Global South",
    "region": "Africa",
    "subregion": "Eastern Africa",
  },
  {
    "country": "Mozambique",
    "hemisphere": "Global South",
    "region": "Africa",
    "subregion": "Eastern Africa",
  },
  {
    "country": "Reunion",
    "hemisphere": "Global South",
    "region": "Africa",
    "subregion": "Eastern Africa",
  },
  {
    "country": "Rwanda",
    "hemisphere": "Global South",
    "region": "Africa",
    "subregion": "Eastern Africa",
  },
  {
    "country": "Seychelles",
    "hemisphere": "Global South",
    "region": "Africa",
    "subregion": "Eastern Africa",
  },
  {
    "country": "Somalia",
    "hemisphere": "Global South",
    "region": "Africa",
    "subregion": "Eastern Africa",
  },
  {
    "country": "South Sudan",
    "hemisphere": "Global South",
    "region": "Africa",
    "subregion": "Eastern Africa",
  },
  {
    "country": "Tanzania",
    "hemisphere": "Global South",
    "region": "Africa",
    "subregion": "Eastern Africa",
  },
  {
    "country": "Uganda",
    "hemisphere": "Global South",
    "region": "Africa",
    "subregion": "Eastern Africa",
  },
  {
    "country": "Zambia",
    "hemisphere": "Global South",
    "region": "Africa",
    "subregion": "Eastern Africa",
  },
  {
    "country": "Zimbabwe",
    "hemisphere": "Global South",
    "region": "Africa",
    "subregion": "Eastern Africa",
  },
  {
    "country": "All Eastern Asia",
    "hemisphere": "Global South",
    "region": "Asia",
    "subregion": "Eastern Asia",
  },
  {
    "country": "China",
    "hemisphere": "Global South",
    "region": "Asia",
    "subregion": "Eastern Asia",
  },
  {
    "country": "Japan",
    "hemisphere": "Global South",
    "region": "Asia",
    "subregion": "Eastern Asia",
  },
  {
    "country": "Mongolia",
    "hemisphere": "Global South",
    "region": "Asia",
    "subregion": "Eastern Asia",
  },
  {
    "country": "North Korea",
    "hemisphere": "Global South",
    "region": "Asia",
    "subregion": "Eastern Asia",
  },
  {
    "country": "South Korea",
    "hemisphere": "Global South",
    "region": "Asia",
    "subregion": "Eastern Asia",
  },
  {
    "country": "Taiwan",
    "hemisphere": "Global South",
    "region": "Asia",
    "subregion": "Eastern Asia",
  },
  {
    "country": "All Eastern Europe",
    "hemisphere": "Global North",
    "region": "Europe",
    "subregion": "Eastern Europe",
  },
  {
    "country": "Armenia",
    "hemisphere": "Global North",
    "region": "Europe",
    "subregion": "Eastern Europe",
  },
  {
    "country": "Belarus",
    "hemisphere": "Global North",
    "region": "Europe",
    "subregion": "Eastern Europe",
  },
  {
    "country": "Georgia",
    "hemisphere": "Global North",
    "region": "Europe",
    "subregion": "Eastern Europe",
  },
  {
    "country": "Macedonia",
    "hemisphere": "Global North",
    "region": "Europe",
    "subregion": "Eastern Europe",
  },
  {
    "country": "Moldova, Republic of",
    "hemisphere": "Global North",
    "region": "Europe",
    "subregion": "Eastern Europe",
  },
  {
    "country": "Montenegro",
    "hemisphere": "Global North",
    "region": "Europe",
    "subregion": "Eastern Europe",
  },
  {
    "country": "Romania",
    "hemisphere": "Global North",
    "region": "Europe",
    "subregion": "Eastern Europe",
  },
  {
    "country": "Russia",
    "hemisphere": "Global North",
    "region": "Europe",
    "subregion": "Eastern Europe",
  },
  {
    "country": "Serbia",
    "hemisphere": "Global North",
    "region": "Europe",
    "subregion": "Eastern Europe",
  },
  {
    "country": "Ukraine",
    "hemisphere": "Global North",
    "region": "Europe",
    "subregion": "Eastern Europe",
  },
  {
    "country": "All Middle East",
    "hemisphere": "Global South",
    "region": "Middle East",
    "subregion": "Middle East",
  },
  {
    "country": "Bahrain",
    "hemisphere": "Global South",
    "region": "Middle East",
    "subregion": "Middle East",
  },
  {
    "country": "Iran",
    "hemisphere": "Global South",
    "region": "Middle East",
    "subregion": "Middle East",
  },
  {
    "country": "Iraq",
    "hemisphere": "Global South",
    "region": "Middle East",
    "subregion": "Middle East",
  },
  {
    "country": "Israel",
    "hemisphere": "Global North",
    "region": "Middle East",
    "subregion": "Middle East",
  },
  {
    "country": "Jordan",
    "hemisphere": "Global South",
    "region": "Middle East",
    "subregion": "Middle East",
  },
  {
    "country": "Kuwait",
    "hemisphere": "Global South",
    "region": "Middle East",
    "subregion": "Middle East",
  },
  {
    "country": "Lebanon",
    "hemisphere": "Global South",
    "region": "Middle East",
    "subregion": "Middle East",
  },
  {
    "country": "Oman",
    "hemisphere": "Global South",
    "region": "Middle East",
    "subregion": "Middle East",
  },
  {
    "country": "Palestinian Territory",
    "hemisphere": "Global South",
    "region": "Middle East",
    "subregion": "Middle East",
  },
  {
    "country": "Qatar",
    "hemisphere": "Global South",
    "region": "Middle East",
    "subregion": "Middle East",
  },
  {
    "country": "Saudi Arabia",
    "hemisphere": "Global South",
    "region": "Middle East",
    "subregion": "Middle East",
  },
  {
    "country": "United Arab Emirates",
    "hemisphere": "Global South",
    "region": "Middle East",
    "subregion": "Middle East",
  },
  {
    "country": "Yemen",
    "hemisphere": "Global South",
    "region": "Middle East",
    "subregion": "Middle East",
  },
  {
    "country": "All North America",
    "hemisphere": "Global North",
    "region": "North America",
    "subregion": "North America",
  },
  {
    "country": "Canada",
    "hemisphere": "Global North",
    "region": "North America",
    "subregion": "North America",
  },
  {
    "country": "Saint Pierre and Miquelon",
    "hemisphere": "Global North",
    "region": "North America",
    "subregion": "North America",
  },
  {
    "country": "United States",
    "hemisphere": "Global North",
    "region": "North America",
    "subregion": "North America",
  },
  {
    "country": "All Northern Africa",
    "hemisphere": "Global South",
    "region": "Africa",
    "subregion": "Northern Africa",
  },
  {
    "country": "Algeria",
    "hemisphere": "Global South",
    "region": "Africa",
    "subregion": "Northern Africa",
  },
  {
    "country": "Canary Islands",
    "hemisphere": "Global South",
    "region": "Africa",
    "subregion": "Northern Africa",
  },
  {
    "country": "Ceuta",
    "hemisphere": "Global South",
    "region": "Africa",
    "subregion": "Northern Africa",
  },
  {
    "country": "Egypt",
    "hemisphere": "Global South",
    "region": "Africa",
    "subregion": "Northern Africa",
  },
  {
    "country": "Libya",
    "hemisphere": "Global South",
    "region": "Africa",
    "subregion": "Northern Africa",
  },
  {
    "country": "Madeira",
    "hemisphere": "Global South",
    "region": "Africa",
    "subregion": "Northern Africa",
  },
  {
    "country": "Melilla",
    "hemisphere": "Global South",
    "region": "Africa",
    "subregion": "Northern Africa",
  },
  {
    "country": "Morocco",
    "hemisphere": "Global South",
    "region": "Africa",
    "subregion": "Northern Africa",
  },
  {
    "country": "Sudan",
    "hemisphere": "Global South",
    "region": "Africa",
    "subregion": "Northern Africa",
  },
  {
    "country": "Tunisia",
    "hemisphere": "Global South",
    "region": "Africa",
    "subregion": "Northern Africa",
  },
  {
    "country": "Western Sahara",
    "hemisphere": "Global South",
    "region": "Africa",
    "subregion": "Northern Africa",
  },
  {
    "country": "All Northern Europe",
    "hemisphere": "Global North",
    "region": "Europe",
    "subregion": "Northern Europe",
  },
  {
    "country": "Aland Islands",
    "hemisphere": "Global North",
    "region": "Europe",
    "subregion": "Northern Europe",
  },
  {
    "country": "Denmark",
    "hemisphere": "Global North",
    "region": "Europe",
    "subregion": "Northern Europe",
  },
  {
    "country": "Estonia",
    "hemisphere": "Global North",
    "region": "Europe",
    "subregion": "Northern Europe",
  },
  {
    "country": "Faroe Islands",
    "hemisphere": "Global North",
    "region": "Europe",
    "subregion": "Northern Europe",
  },
  {
    "country": "Finland",
    "hemisphere": "Global North",
    "region": "Europe",
    "subregion": "Northern Europe",
  },
  {
    "country": "Greenland",
    "hemisphere": "Global North",
    "region": "Europe",
    "subregion": "Northern Europe",
  },
  {
    "country": "Guernsey",
    "hemisphere": "Global North",
    "region": "Europe",
    "subregion": "Northern Europe",
  },
  {
    "country": "Iceland",
    "hemisphere": "Global North",
    "region": "Europe",
    "subregion": "Northern Europe",
  },
  {
    "country": "Isle of Man",
    "hemisphere": "Global North",
    "region": "Europe",
    "subregion": "Northern Europe",
  },
  {
    "country": "Jersey",
    "hemisphere": "Global North",
    "region": "Europe",
    "subregion": "Northern Europe",
  },
  {
    "country": "Latvia",
    "hemisphere": "Global North",
    "region": "Europe",
    "subregion": "Northern Europe",
  },
  {
    "country": "Lithuania",
    "hemisphere": "Global North",
    "region": "Europe",
    "subregion": "Northern Europe",
  },
  {
    "country": "Norway",
    "hemisphere": "Global North",
    "region": "Europe",
    "subregion": "Northern Europe",
  },
  {
    "country": "Svalbard and Jan Mayen",
    "hemisphere": "Global North",
    "region": "Europe",
    "subregion": "Northern Europe",
  },
  {
    "country": "Sweden",
    "hemisphere": "Global North",
    "region": "Europe",
    "subregion": "Northern Europe",
  },
  {
    "country": "All Oceania",
    "hemisphere": "Global North",
    "region": "Oceania",
    "subregion": "Oceania",
  },
  {
    "country": "Australia",
    "hemisphere": "Global North",
    "region": "Oceania",
    "subregion": "Oceania",
  },
  {
    "country": "Cook Islands",
    "hemisphere": "Global South",
    "region": "Oceania",
    "subregion": "Oceania",
  },
  {
    "country": "Fiji",
    "hemisphere": "Global South",
    "region": "Oceania",
    "subregion": "Oceania",
  },
  {
    "country": "French Polynesia",
    "hemisphere": "Global South",
    "region": "Oceania",
    "subregion": "Oceania",
  },
  {
    "country": "Kiribati",
    "hemisphere": "Global South",
    "region": "Oceania",
    "subregion": "Oceania",
  },
  {
    "country": "Marshall Islands",
    "hemisphere": "Global South",
    "region": "Oceania",
    "subregion": "Oceania",
  },
  {
    "country": "Micronesia, Federated States of",
    "hemisphere": "Global South",
    "region": "Oceania",
    "subregion": "Oceania",
  },
  {
    "country": "Nauru",
    "hemisphere": "Global South",
    "region": "Oceania",
    "subregion": "Oceania",
  },
  {
    "country": "New Caledonia",
    "hemisphere": "Global South",
    "region": "Oceania",
    "subregion": "Oceania",
  },
  {
    "country": "New Zealand",
    "hemisphere": "Global North",
    "region": "Oceania",
    "subregion": "Oceania",
  },
  {
    "country": "Papua New Guinea",
    "hemisphere": "Global South",
    "region": "Oceania",
    "subregion": "Oceania",
  },
  {
    "country": "Samoa",
    "hemisphere": "Global South",
    "region": "Oceania",
    "subregion": "Oceania",
  },
  {
    "country": "Solomon Islands",
    "hemisphere": "Global South",
    "region": "Oceania",
    "subregion": "Oceania",
  },
  {
    "country": "Tonga",
    "hemisphere": "Global South",
    "region": "Oceania",
    "subregion": "Oceania",
  },
  {
    "country": "Tuvalu",
    "hemisphere": "Global South",
    "region": "Oceania",
    "subregion": "Oceania",
  },
  {
    "country": "Vanuatu",
    "hemisphere": "Global South",
    "region": "Oceania",
    "subregion": "Oceania",
  },
  {
    "country": "Wallis and Futuna",
    "hemisphere": "Global South",
    "region": "Oceania",
    "subregion": "Oceania",
  },
  {
    "country": "All South America",
    "hemisphere": "Global South",
    "region": "Central/South America",
    "subregion": "South America",
  },
  {
    "country": "Argentina",
    "hemisphere": "Global South",
    "region": "Central/South America",
    "subregion": "South America",
  },
  {
    "country": "Bermuda",
    "hemisphere": "Global South",
    "region": "Central/South America",
    "subregion": "South America",
  },
  {
    "country": "Bolivia",
    "hemisphere": "Global South",
    "region": "Central/South America",
    "subregion": "South America",
  },
  {
    "country": "Bouvet Island",
    "hemisphere": "Global South",
    "region": "Central/South America",
    "subregion": "South America",
  },
  {
    "country": "Brazil",
    "hemisphere": "Global South",
    "region": "Central/South America",
    "subregion": "South America",
  },
  {
    "country": "Chile",
    "hemisphere": "Global South",
    "region": "Central/South America",
    "subregion": "South America",
  },
  {
    "country": "Colombia",
    "hemisphere": "Global South",
    "region": "Central/South America",
    "subregion": "South America",
  },
  {
    "country": "Ecuador",
    "hemisphere": "Global South",
    "region": "Central/South America",
    "subregion": "South America",
  },
  {
    "country": "Falkland Islands (Malvinas)",
    "hemisphere": "Global South",
    "region": "Central/South America",
    "subregion": "South America",
  },
  {
    "country": "French Guiana",
    "hemisphere": "Global South",
    "region": "Central/South America",
    "subregion": "South America",
  },
  {
    "country": "Guyana",
    "hemisphere": "Global South",
    "region": "Central/South America",
    "subregion": "South America",
  },
  {
    "country": "Panama",
    "hemisphere": "Global South",
    "region": "Central/South America",
    "subregion": "South America",
  },
  {
    "country": "Paraguay",
    "hemisphere": "Global South",
    "region": "Central/South America",
    "subregion": "South America",
  },
  {
    "country": "Peru",
    "hemisphere": "Global South",
    "region": "Central/South America",
    "subregion": "South America",
  },
  {
    "country": "South Georgia and the South Sandwich Islands",
    "hemisphere": "Global South",
    "region": "Central/South America",
    "subregion": "South America",
  },
  {
    "country": "Suriname",
    "hemisphere": "Global South",
    "region": "Central/South America",
    "subregion": "South America",
  },
  {
    "country": "Uruguay",
    "hemisphere": "Global South",
    "region": "Central/South America",
    "subregion": "South America",
  },
  {
    "country": "Venezuela",
    "hemisphere": "Global South",
    "region": "Central/South America",
    "subregion": "South America",
  },
  {
    "country": "All South-Eastern Europe",
    "hemisphere": "Global North",
    "region": "Europe",
    "subregion": "South-Eastern Europe",
  },
  {
    "country": "Albania",
    "hemisphere": "Global North",
    "region": "Europe",
    "subregion": "South-Eastern Europe",
  },
  {
    "country": "Bosnia and Herzegovina",
    "hemisphere": "Global North",
    "region": "Europe",
    "subregion": "South-Eastern Europe",
  },
  {
    "country": "Bulgaria",
    "hemisphere": "Global North",
    "region": "Europe",
    "subregion": "South-Eastern Europe",
  },
  {
    "country": "Croatia",
    "hemisphere": "Global North",
    "region": "Europe",
    "subregion": "South-Eastern Europe",
  },
  {
    "country": "Cyprus",
    "hemisphere": "Global North",
    "region": "Europe",
    "subregion": "South-Eastern Europe",
  },
  {
    "country": "Greece",
    "hemisphere": "Global North",
    "region": "Europe",
    "subregion": "South-Eastern Europe",
  },
  {
    "country": "Kosovo",
    "hemisphere": "Global North",
    "region": "Europe",
    "subregion": "South-Eastern Europe",
  },
  {
    "country": "All Southeast Asia",
    "hemisphere": "Global South",
    "region": "Asia",
    "subregion": "Southeast Asia",
  },
  {
    "country": "Brunei Darussalam",
    "hemisphere": "Global South",
    "region": "Asia",
    "subregion": "Southeast Asia",
  },
  {
    "country": "Cambodia",
    "hemisphere": "Global South",
    "region": "Asia",
    "subregion": "Southeast Asia",
  },
  {
    "country": "Hong Kong",
    "hemisphere": "Global South",
    "region": "Asia",
    "subregion": "Southeast Asia",
  },
  {
    "country": "Indonesia",
    "hemisphere": "Global South",
    "region": "Asia",
    "subregion": "Southeast Asia",
  },
  {
    "country": "Laos",
    "hemisphere": "Global South",
    "region": "Asia",
    "subregion": "Southeast Asia",
  },
  {
    "country": "Macau",
    "hemisphere": "Global South",
    "region": "Asia",
    "subregion": "Southeast Asia",
  },
  {
    "country": "Malaysia",
    "hemisphere": "Global South",
    "region": "Asia",
    "subregion": "Southeast Asia",
  },
  {
    "country": "Myanmar (Burma)",
    "hemisphere": "Global South",
    "region": "Asia",
    "subregion": "Southeast Asia",
  },
  {
    "country": "Philippines",
    "hemisphere": "Global South",
    "region": "Asia",
    "subregion": "Southeast Asia",
  },
  {
    "country": "Singapore",
    "hemisphere": "Global South",
    "region": "Asia",
    "subregion": "Southeast Asia",
  },
  {
    "country": "Thailand",
    "hemisphere": "Global South",
    "region": "Asia",
    "subregion": "Southeast Asia",
  },
  {
    "country": "Timor-Leste (East Timor)",
    "hemisphere": "Global South",
    "region": "Asia",
    "subregion": "Southeast Asia",
  },
  {
    "country": "Vietnam",
    "hemisphere": "Global South",
    "region": "Asia",
    "subregion": "Southeast Asia",
  },
  {
    "country": "All Southern Africa",
    "hemisphere": "Global South",
    "region": "Africa",
    "subregion": "Southern Africa",
  },
  {
    "country": "Botswana",
    "hemisphere": "Global South",
    "region": "Africa",
    "subregion": "Southern Africa",
  },
  {
    "country": "Eswatini (Swaziland)",
    "hemisphere": "Global South",
    "region": "Africa",
    "subregion": "Southern Africa",
  },
  {
    "country": "Lesotho",
    "hemisphere": "Global South",
    "region": "Africa",
    "subregion": "Southern Africa",
  },
  {
    "country": "Namibia",
    "hemisphere": "Global South",
    "region": "Africa",
    "subregion": "Southern Africa",
  },
  {
    "country": "South Africa",
    "hemisphere": "Global South",
    "region": "Africa",
    "subregion": "Southern Africa",
  },
  {
    "country": "All Southern Asia",
    "hemisphere": "Global South",
    "region": "Asia",
    "subregion": "Southern Asia",
  },
  {
    "country": "Bengladesh",
    "hemisphere": "Global South",
    "region": "Asia",
    "subregion": "Southern Asia",
  },
  {
    "country": "Bhutan",
    "hemisphere": "Global South",
    "region": "Asia",
    "subregion": "Southern Asia",
  },
  {
    "country": "India",
    "hemisphere": "Global South",
    "region": "Asia",
    "subregion": "Southern Asia",
  },
  {
    "country": "Maldives",
    "hemisphere": "Global South",
    "region": "Asia",
    "subregion": "Southern Asia",
  },
  {
    "country": "Nepal",
    "hemisphere": "Global South",
    "region": "Asia",
    "subregion": "Southern Asia",
  },
  {
    "country": "Pakistan",
    "hemisphere": "Global South",
    "region": "Asia",
    "subregion": "Southern Asia",
  },
  {
    "country": "Sri Lanka",
    "hemisphere": "Global South",
    "region": "Asia",
    "subregion": "Southern Asia",
  },
  {
    "country": "All Southern Europe",
    "hemisphere": "Global North",
    "region": "Europe",
    "subregion": "Southern Europe",
  },
  {
    "country": "Andorra",
    "hemisphere": "Global North",
    "region": "Europe",
    "subregion": "Southern Europe",
  },
  {
    "country": "Gibraltar",
    "hemisphere": "Global North",
    "region": "Europe",
    "subregion": "Southern Europe",
  },
  {
    "country": "Holy See (Vatican City State)",
    "hemisphere": "Global North",
    "region": "Europe",
    "subregion": "Southern Europe",
  },
  {
    "country": "Italy",
    "hemisphere": "Global North",
    "region": "Europe",
    "subregion": "Southern Europe",
  },
  {
    "country": "Malta",
    "hemisphere": "Global North",
    "region": "Europe",
    "subregion": "Southern Europe",
  },
  {
    "country": "Portugal",
    "hemisphere": "Global North",
    "region": "Europe",
    "subregion": "Southern Europe",
  },
  {
    "country": "San Marino",
    "hemisphere": "Global North",
    "region": "Europe",
    "subregion": "Southern Europe",
  },
  {
    "country": "Spain",
    "hemisphere": "Global North",
    "region": "Europe",
    "subregion": "Southern Europe",
  },
  {
    "country": "Space",
    "hemisphere": "Space",
    "region": "Space",
    "subregion": "Space",
  },
  {
    "country": "All Western Africa",
    "hemisphere": "Global South",
    "region": "Africa",
    "subregion": "Western Africa",
  },
  {
    "country": "Benin",
    "hemisphere": "Global South",
    "region": "Africa",
    "subregion": "Western Africa",
  },
  {
    "country": "Burkina Faso",
    "hemisphere": "Global South",
    "region": "Africa",
    "subregion": "Western Africa",
  },
  {
    "country": "Cape Verde",
    "hemisphere": "Global South",
    "region": "Africa",
    "subregion": "Western Africa",
  },
  {
    "country": "Gambia",
    "hemisphere": "Global South",
    "region": "Africa",
    "subregion": "Western Africa",
  },
  {
    "country": "Ghana",
    "hemisphere": "Global South",
    "region": "Africa",
    "subregion": "Western Africa",
  },
  {
    "country": "Guinea",
    "hemisphere": "Global South",
    "region": "Africa",
    "subregion": "Western Africa",
  },
  {
    "country": "Guinea-Bissau",
    "hemisphere": "Global South",
    "region": "Africa",
    "subregion": "Western Africa",
  },
  {
    "country": "Ivory Coast",
    "hemisphere": "Global South",
    "region": "Africa",
    "subregion": "Western Africa",
  },
  {
    "country": "Liberia",
    "hemisphere": "Global South",
    "region": "Africa",
    "subregion": "Western Africa",
  },
  {
    "country": "Mali",
    "hemisphere": "Global South",
    "region": "Africa",
    "subregion": "Western Africa",
  },
  {
    "country": "Mauritania",
    "hemisphere": "Global South",
    "region": "Africa",
    "subregion": "Western Africa",
  },
  {
    "country": "Niger",
    "hemisphere": "Global South",
    "region": "Africa",
    "subregion": "Western Africa",
  },
  {
    "country": "Nigeria",
    "hemisphere": "Global South",
    "region": "Africa",
    "subregion": "Western Africa",
  },
  {
    "country": "Saint Helena, Ascension and Tristan da Cunha",
    "hemisphere": "Global South",
    "region": "Africa",
    "subregion": "Western Africa",
  },
  {
    "country": "Senegal",
    "hemisphere": "Global South",
    "region": "Africa",
    "subregion": "Western Africa",
  },
  {
    "country": "Sierra Leone",
    "hemisphere": "Global South",
    "region": "Africa",
    "subregion": "Western Africa",
  },
  {
    "country": "Togo",
    "hemisphere": "Global South",
    "region": "Africa",
    "subregion": "Western Africa",
  },
  {
    "country": "All Western Asia",
    "hemisphere": "Global South",
    "region": "Asia",
    "subregion": "Western Asia",
  },
  {
    "country": "Azerbaijan",
    "hemisphere": "Global South",
    "region": "Asia",
    "subregion": "Western Asia",
  },
  {
    "country": "Syria",
    "hemisphere": "Global South",
    "region": "Asia",
    "subregion": "Western Asia",
  },
  {
    "country": "Turkey",
    "hemisphere": "Global South",
    "region": "Asia",
    "subregion": "Western Asia",
  },
  {
    "country": "All Western Europe",
    "hemisphere": "Global North",
    "region": "Europe",
    "subregion": "Western Europe",
  },
  {
    "country": "Belgium",
    "hemisphere": "Global North",
    "region": "Europe",
    "subregion": "Western Europe",
  },
  {
    "country": "France",
    "hemisphere": "Global North",
    "region": "Europe",
    "subregion": "Western Europe",
  },
  {
    "country": "Ireland",
    "hemisphere": "Global North",
    "region": "Europe",
    "subregion": "Western Europe",
  },
  {
    "country": "Luxembourg",
    "hemisphere": "Global North",
    "region": "Europe",
    "subregion": "Western Europe",
  },
  {
    "country": "Monaco",
    "hemisphere": "Global North",
    "region": "Europe",
    "subregion": "Western Europe",
  },
  {
    "country": "Netherlands",
    "hemisphere": "Global North",
    "region": "Europe",
    "subregion": "Western Europe",
  },
  {
    "country": "United Kingdom",
    "hemisphere": "Global North",
    "region": "Europe",
    "subregion": "Western Europe",
  },
  {
    "country": "Wales",
    "hemisphere": "Global North",
    "region": "Europe",
    "subregion": "Western Europe",
  },
]
`;
